// Jest Snapshot v1, https://goo.gl/fbAQLP

exports[`Test default state 1`] = `
<div
  className="Pinpoint Documentation Card Container wrapper "
>
  <h2
    className="title"
  >
    Linked Content Blocks
  </h2>
  <p
    className="description"
  >
    Linked content blocks allow you to populate your content from the recently completed work. Annotations show you which issues and pull requests are linked.
  </p>
  <div
    className="cta clickable"
    onClick={[Function]}
  >
    Read
  </div>
</div>
`;
